src/components/RenterProfile.tsx(398,11): error TS17014: JSX fragment has no corresponding closing tag.
src/components/RenterProfile.tsx(707,7): error TS1003: Identifier expected.
src/components/RenterProfile.tsx(709,1): error TS1381: Unexpected token. Did you mean `{'}'}` or `&rbrace;`?
src/components/RenterProfile.tsx(713,8): error TS1005: '}' expected.
src/components/RenterProfile.tsx(718,33): error TS1382: Unexpected token. Did you mean `{'>'}` or `&gt;`?
src/components/RenterProfile.tsx(721,1): error TS1381: Unexpected token. Did you mean `{'}'}` or `&rbrace;`?
src/components/RenterProfile.tsx(724,3): error TS1109: Expression expected.
src/components/RenterProfile.tsx(759,1): error TS1381: Unexpected token. Did you mean `{'}'}` or `&rbrace;`?
src/components/RenterProfile.tsx(763,8): error TS1005: '}' expected.
src/components/RenterProfile.tsx(764,30): error TS1382: Unexpected token. Did you mean `{'>'}` or `&gt;`?
src/components/RenterProfile.tsx(765,1): error TS1381: Unexpected token. Did you mean `{'}'}` or `&rbrace;`?
src/components/RenterProfile.tsx(768,3): error TS1109: Expression expected.
src/components/RenterProfile.tsx(770,46): error TS17008: JSX element 'HTMLInputElement' has no corresponding closing tag.
src/components/RenterProfile.tsx(770,66): error TS1382: Unexpected token. Did you mean `{'>'}` or `&gt;`?
src/components/RenterProfile.tsx(771,5): error TS1109: Expression expected.
src/components/RenterProfile.tsx(778,48): error TS1382: Unexpected token. Did you mean `{'>'}` or `&gt;`?
src/components/RenterProfile.tsx(789,7): error TS1109: Expression expected.
src/components/RenterProfile.tsx(793,5): error TS1381: Unexpected token. Did you mean `{'}'}` or `&rbrace;`?
src/components/RenterProfile.tsx(794,3): error TS1381: Unexpected token. Did you mean `{'}'}` or `&rbrace;`?
src/components/RenterProfile.tsx(797,17): error TS1382: Unexpected token. Did you mean `{'>'}` or `&gt;`?
src/components/RenterProfile.tsx(813,1): error TS1381: Unexpected token. Did you mean `{'}'}` or `&rbrace;`?
src/components/RenterProfile.tsx(817,8): error TS1005: '}' expected.
src/components/RenterProfile.tsx(819,30): error TS1382: Unexpected token. Did you mean `{'>'}` or `&gt;`?
src/components/RenterProfile.tsx(821,1): error TS1381: Unexpected token. Did you mean `{'}'}` or `&rbrace;`?
src/components/RenterProfile.tsx(824,3): error TS1109: Expression expected.
src/components/RenterProfile.tsx(826,46): error TS17008: JSX element 'HTMLInputElement' has no corresponding closing tag.
src/components/RenterProfile.tsx(826,66): error TS1382: Unexpected token. Did you mean `{'>'}` or `&gt;`?
src/components/RenterProfile.tsx(827,5): error TS1109: Expression expected.
src/components/RenterProfile.tsx(834,48): error TS1382: Unexpected token. Did you mean `{'>'}` or `&gt;`?
src/components/RenterProfile.tsx(845,7): error TS1109: Expression expected.
src/components/RenterProfile.tsx(849,5): error TS1381: Unexpected token. Did you mean `{'}'}` or `&rbrace;`?
src/components/RenterProfile.tsx(850,3): error TS1381: Unexpected token. Did you mean `{'}'}` or `&rbrace;`?
src/components/RenterProfile.tsx(853,17): error TS1382: Unexpected token. Did you mean `{'>'}` or `&gt;`?
src/components/RenterProfile.tsx(871,1): error TS1381: Unexpected token. Did you mean `{'}'}` or `&rbrace;`?
src/components/RenterProfile.tsx(875,10): error TS1005: '}' expected.
src/components/RenterProfile.tsx(875,16): error TS1382: Unexpected token. Did you mean `{'>'}` or `&gt;`?
src/components/RenterProfile.tsx(876,33): error TS1005: '}' expected.
src/components/RenterProfile.tsx(876,70): error TS1381: Unexpected token. Did you mean `{'}'}` or `&rbrace;`?
src/components/RenterProfile.tsx(876,74): error TS1382: Unexpected token. Did you mean `{'>'}` or `&gt;`?
src/components/RenterProfile.tsx(877,1): error TS1381: Unexpected token. Did you mean `{'}'}` or `&rbrace;`?
src/components/RenterProfile.tsx(880,3): error TS1109: Expression expected.
src/components/RenterProfile.tsx(884,46): error TS1382: Unexpected token. Did you mean `{'>'}` or `&gt;`?
src/components/RenterProfile.tsx(886,5): error TS1005: '}' expected.
src/components/RenterProfile.tsx(886,38): error TS1382: Unexpected token. Did you mean `{'>'}` or `&gt;`?
src/components/RenterProfile.tsx(893,3): error TS1381: Unexpected token. Did you mean `{'}'}` or `&rbrace;`?
src/components/RenterProfile.tsx(963,1): error TS1381: Unexpected token. Did you mean `{'}'}` or `&rbrace;`?
src/components/RenterProfile.tsx(967,10): error TS1005: '}' expected.
src/components/RenterProfile.tsx(967,16): error TS1382: Unexpected token. Did you mean `{'>'}` or `&gt;`?
src/components/RenterProfile.tsx(968,28): error TS1005: '}' expected.
src/components/RenterProfile.tsx(968,89): error TS1381: Unexpected token. Did you mean `{'}'}` or `&rbrace;`?
src/components/RenterProfile.tsx(968,93): error TS1382: Unexpected token. Did you mean `{'>'}` or `&gt;`?
src/components/RenterProfile.tsx(969,1): error TS1381: Unexpected token. Did you mean `{'}'}` or `&rbrace;`?
src/components/RenterProfile.tsx(972,3): error TS1109: Expression expected.
src/components/RenterProfile.tsx(973,36): error TS1003: Identifier expected.
src/components/RenterProfile.tsx(973,53): error TS1382: Unexpected token. Did you mean `{'>'}` or `&gt;`?
src/components/RenterProfile.tsx(977,46): error TS1382: Unexpected token. Did you mean `{'>'}` or `&gt;`?
src/components/RenterProfile.tsx(979,5): error TS1005: '}' expected.
src/components/RenterProfile.tsx(979,16): error TS1382: Unexpected token. Did you mean `{'>'}` or `&gt;`?
src/components/RenterProfile.tsx(987,3): error TS1381: Unexpected token. Did you mean `{'}'}` or `&rbrace;`?
src/components/RenterProfile.tsx(1082,1): error TS1381: Unexpected token. Did you mean `{'}'}` or `&rbrace;`?
src/components/RenterProfile.tsx(1082,2): error TS1005: '</' expected.
